Refreshing data
Opening...
zhvrj [frozen]
 processed
aubuq [frozen]
 processed
aytbo [frozen]
 processed
lpelv [frozen]
 processed
jymsl [frozen]
 processed
bxuug [frozen]
 processed
yoxiq [frozen]
 processed
pqaec [frozen]
 processed
nrrrk [frozen]
 processed
pleia [frozen]
 processed
usvnn [frozen]
 processed
txqme [frozen]
 processed
rtzac [frozen]
 processed
mjyaw [frozen]
 processed
suldo [frozen]
 processed
mdjbf [frozen]
 processed
yuuuq [frozen]
 processed
fzknx [frozen]
 processed
ajelv [frozen]
 processed
mdhui [frozen]
 processed
lqjrl [frozen]
 processed
copse [frozen]
 processed
mkyht [frozen]
 processed
rywhj [frozen]
 processed
cnyrm [frozen]
 processed
ithyk [frozen]
 processed
gbptd [frozen]
 processed
gtoln [frozen]
 processed
peclr [frozen]
 processed
umfjj [frozen]
 processed
ietmt [frozen]
 processed
jokkk [frozen]
 processed
fzvuc [frozen]
 processed
lscyd [frozen]
 processed
tjblo [frozen]
 processed
wpohm [frozen]
 processed
jxifr [frozen]
 processed
luqbl [frozen]
 processed
hlabn [frozen]
 processed
wsqro [frozen]
 processed
rjhtl [frozen]
 processed
bswuh [frozen]
 processed
qfkrs [frozen]
 processed
anmep [frozen]
 processed
sikvj [frozen]
 processed
lsdqw [frozen]
 processed
rlspw [frozen]
 processed
yiumn [frozen]
 processed
vddqy [frozen]
 processed
nroxm [frozen]
 processed
xcbbf [frozen]
 processed
fnnwt [frozen]
 processed
ymgol [frozen]
 processed
nqtgt [frozen]
 processed
ljgie [frozen]
 processed
kqlun [frozen]
 processed
emeql [frozen]
 processed
wkgmo [frozen]
 processed
tdqcm [frozen]
 processed
hlueb [frozen]
 processed
cgetr [frozen]
 processed
xqert [frozen]
 processed
zmjzd [frozen]
 processed
ziqdl [frozen]
 processed
ddvqq [frozen]
 processed
hvpvb [frozen]
 processed
ctkkm [frozen]
 processed
bbplr [frozen]
 processed
wrwso [frozen]
 processed
gsrmp [frozen]
 processed
slfpg [frozen]
 processed
gfcxk [frozen]
 processed
ncbfk [frozen]
 processed
lkhhh [frozen]
 processed
eyrxu [frozen]
 processed
rkjrn [frozen]
 processed
ieigu [frozen]
 processed
pxkxq [frozen]
 processed
odeql [frozen]
 processed
Flushing bundle...
Generate Output
csv
generated
Csv matrix
generated
Saving new processing...
Processing time: 4s
Total processing time: 5s
